Resolving dependencies...
Downloading packages...
  _fe_analyzer_shared 85.0.0 (93.0.0 available)
  _flutterfire_internals 1.3.59 (1.3.66 available)
  analyzer 7.6.0 (10.0.1 available)
  analyzer_plugin 0.13.4 (0.14.1 available)
  build 2.5.4 (4.0.4 available)
  build_config 1.1.2 (1.2.0 available)
  build_resolvers 2.5.4 (3.0.4 available)
  build_runner 2.5.4 (2.10.5 available)
  build_runner_core 9.1.2 (9.3.2 available)
  camera_android_camerax 0.6.27 (0.6.28 available)
  camera_avfoundation 0.9.22+8 (0.9.22+9 available)
  characters 1.4.0 (1.4.1 available)
  cloud_firestore 5.6.12 (6.1.2 available)
  cloud_firestore_platform_interface 6.6.12 (7.0.6 available)
  cloud_firestore_web 4.4.12 (5.1.2 available)
  code_assets 0.19.10 (1.0.0 available)
  connectivity_plus 6.1.5 (7.0.0 available)
  custom_lint_core 0.7.5 (0.8.2 available)
  custom_lint_visitor 1.0.0+7.7.0 (1.0.0+9.0.0 available)
  dart_style 3.1.1 (3.1.5 available)
  dimension 0.1.7 (0.2.0 available)
  dio 5.9.0 (5.9.1 available)
  email_validator 2.1.17 (3.0.0 available)
  fake_cloud_firestore 3.1.0 (4.0.1 available)
  file_picker 10.3.8 (10.3.10 available)
  firebase_analytics 11.6.0 (12.1.1 available)
  firebase_analytics_platform_interface 4.4.3 (5.0.6 available)
  firebase_analytics_web 0.5.10+16 (0.6.1+2 available)
  firebase_app_check 0.3.2+10 (0.4.1+4 available)
  firebase_app_check_platform_interface 0.1.1+10 (0.2.1+4 available)
  firebase_app_check_web 0.2.0+14 (0.2.2+2 available)
  firebase_auth 5.7.0 (6.1.4 available)
  firebase_auth_platform_interface 7.7.3 (8.1.6 available)
  firebase_auth_web 5.15.3 (6.1.2 available)
  firebase_core 3.15.2 (4.4.0 available)
  firebase_core_web 2.24.1 (3.4.0 available)
  firebase_crashlytics 4.3.10 (5.0.7 available)
  firebase_crashlytics_platform_interface 3.8.10 (3.8.17 available)
  firebase_performance 0.10.1+10 (0.11.1+4 available)
  firebase_performance_platform_interface 0.1.5+10 (0.1.6+4 available)
  firebase_performance_web 0.1.7+16 (0.1.8+2 available)
  firebase_remote_config 5.5.0 (6.1.4 available)
  firebase_remote_config_platform_interface 2.0.0 (2.0.7 available)
  firebase_remote_config_web 1.8.9 (1.10.3 available)
  firebase_storage 12.4.10 (13.0.6 available)
  firebase_storage_platform_interface 5.2.10 (5.2.17 available)
  firebase_storage_web 3.10.17 (3.11.2 available)
  firebase_ui_auth 1.17.0 (3.0.1 available)
  firebase_ui_localizations 1.14.1 (2.0.1 available)
  firebase_ui_oauth 1.7.0 (2.0.1 available)
  firebase_ui_oauth_google 1.4.2 (2.0.1 available)
  flutter_local_notifications 18.0.1 (20.0.0 available)
  flutter_local_notifications_linux 5.0.0 (7.0.0 available)
  flutter_local_notifications_platform_interface 8.0.0 (10.0.0 available)
  flutter_markdown 0.6.23 (discontinued replaced by flutter_markdown_plus)
  flutter_riverpod 2.6.1 (3.2.0 available)
  flutter_secure_storage 9.2.4 (10.0.0 available)
  flutter_secure_storage_linux 1.2.3 (3.0.0 available)
  flutter_secure_storage_macos 3.1.3 (4.0.0 available)
  flutter_secure_storage_platform_interface 1.1.2 (2.0.1 available)
  flutter_secure_storage_web 1.2.1 (2.1.0 available)
  flutter_secure_storage_windows 3.1.2 (4.1.0 available)
  google_fonts 7.0.2 (8.0.0 available)
  google_sign_in 6.3.0 (7.2.0 available)
  google_sign_in_android 6.2.1 (7.2.7 available)
  google_sign_in_ios 5.9.0 (6.2.5 available)
  google_sign_in_platform_interface 2.5.0 (3.1.0 available)
  google_sign_in_web 0.12.4+4 (1.1.0 available)
  hooks 0.20.5 (1.0.0 available)
  image 4.5.4 (4.7.2 available)
  image_picker_android 0.8.13+10 (0.8.13+13 available)
  image_picker_ios 0.8.13+3 (0.8.13+5 available)
  js 0.6.7 (0.7.2 available)
  json_annotation 4.9.0 (4.10.0 available)
  local_auth 2.3.0 (3.0.0 available)
  local_auth_android 1.0.56 (2.0.4 available)
  local_auth_darwin 1.6.1 (2.0.1 available)
  local_auth_windows 1.0.11 (2.0.1 available)
  matcher 0.12.17 (0.12.18 available)
  material_color_utilities 0.11.1 (0.13.0 available)
  meta 1.17.0 (1.18.1 available)
  mockito 5.4.6 (5.6.3 available)
  morphable_shape 1.6.6 (2.0.0 available)
  native_toolchain_c 0.17.2 (0.17.4 available)
  objective_c 9.2.2 (9.2.5 available)
  riverpod 2.6.1 (3.2.0 available)
  riverpod_annotation 2.6.1 (4.0.1 available)
  riverpod_generator 2.6.5 (4.0.2 available)
  rx 0.4.0 (0.5.0 available)
  sensors_plus 6.1.2 (7.0.0 available)
  shared_preferences_android 2.4.18 (2.4.20 available)
  source_gen 2.0.0 (4.2.0 available)
  test_api 0.7.7 (0.7.9 available)
  timezone 0.9.4 (0.11.0 available)
  vector_graphics_compiler 1.1.19 (1.1.20 available)
Got dependencies!
1 package is discontinued.
95 packages have newer versions incompatible with dependency constraints.
Try `flutter pub outdated` for more information.
Launching integration_test/app_test.dart on Chrome in debug mode...
Waiting for connection from debug service on Chrome...          
Warning: In index.html:108: Manual service worker registration deprecated. Use flutter.js service worker bootstrapping instead. See https://docs.flutter.dev/platform-integration/web/initialization for more details.
Warning: In index.html:87: "FlutterLoader.loadEntrypoint" is deprecated. Use "FlutterLoader.load" instead. See https://docs.flutter.dev/platform-integration/web/initialization for more details.
Waiting for connection from debug service on Chrome...             20,0s

Oops; flutter has exited unexpectedly: "SessionNotCreatedException (500): session not created: This version of ChromeDriver only supports Chrome version 145
Current browser version is 144.0.7559.110 with binary path /Applications/Google Chrome.app/Contents/MacOS/Google Chrome".
This app is linked to the debug service: ws://127.0.0.1:53709/zRwWHqxdClY=/ws
Debug service listening on ws://127.0.0.1:53709/zRwWHqxdClY=/ws
A Dart VM Service on Chrome is available at: http://127.0.0.1:53709/zRwWHqxdClY=
The Flutter DevTools debugger and profiler on Chrome is available at: http://127.0.0.1:53709/zRwWHqxdClY=/devtools/?uri=ws://127.0.0.1:53709/zRwWHqxdClY=/ws
Starting application from main method in: org-dartlang-app:/web_entrypoint.dart.
00:00 +0: (setUpAll)
00:00 +1: E2E: Google Sign-In leads to dashboard
[TEST] Initializing test environment...
[TEST] Pumping BizAgentApp...
[TEST] Settling Splash Screen...
[TEST] Left Splash Screen (retry 0).
A crash report has been written to /Users/youh4ck3dme/projekty-pwa/BizAgent/BizAgent-main/flutter_04.log
This crash may already be reported. Check GitHub for similar crashes.
https://github.com/flutter/flutter/issues?q=is%3Aissue+SessionNotCreatedException+%28500%29%3A+session+not+created%3A+This+version+of+ChromeDriver+only+supports+Chrome+version+145%0ACurrent+browser+version+is+144.0.7559.110+with+binary+path+%2FApplications%2FGoogle+Chrome.app%2FContents%2FMacOS%2FGoogle+Chrome

To report your crash to the Flutter team, first read the guide to filing a bug.
https://flutter.dev/to/report-bugs

Create a new GitHub issue by pasting this link into your browser and completing the issue template. Thank you!
https://github.com/flutter/flutter/issues/new?title=%5Btool_crash%5D+SessionNotCreatedException&body=%23%23+Command%0A%60%60%60sh%0Aflutter+drive+--driver%3Dtest_driver%2Fintegration_test.dart+--target%3Dintegration_test%2Fapp_test.dart+-d+chrome%0A%60%60%60%0A%0A%23%23+Steps+to+Reproduce%0A1.+...%0A2.+...%0A3.+...%0A%0A%23%23+Logs%0ASessionNotCreatedException%0A%60%60%60console%0A%230++++++parseW3cResponse+%28package%3Awebdriver%2Fsrc%2Fhandler%2Fw3c%2Futils.dart%3A81%3A9%29%0A%231++++++W3cSessionHandler.parseCreateResponse+%28package%3Awebdriver%2Fsrc%2Fhandler%2Fw3c%2Fsession.dart%3A19%3A21%29%0A%232++++++InferSessionHandler.parseCreateResponse+%28package%3Awebdriver%2Fsrc%2Fhandler%2Finfer_handler.dart%3A106%3A34%29%0A%233++++++AsyncRequestClient.send+%28package%3Awebdriver%2Fsrc%2Fcommon%2Frequest_client.dart%3A96%3A32%29%0A%3Casynchronous+suspension%3E%0A%234++++++createDriver+%28package%3Awebdriver%2Fasync_core.dart%3A62%3A19%29%0A%3Casynchronous+suspension%3E%0A%235++++++WebDriverService.startTest+%28package%3Aflutter_tools%2Fsrc%2Fdrive%2Fweb_driver_service.dart%3A199%3A19%29%0A%3Casynchronous+suspension%3E%0A%236++++++DriveCommand.runCommand+%28package%3Aflutter_tools%2Fsrc%2Fcommands%2Fdrive.dart%3A398%3A30%29%0A%3Casynchronous+suspension%3E%0A%237++++++FlutterCommand.run.%3Canonymous+closure%3E+%28package%3Aflutter_tools%2Fsrc%2Frunner%2Fflutter_command.dart%3A1559%3A27%29%0A%3Casynchronous+suspension%3E%0A%238++++++AppContext.run.%3Canonymous+closure%3E+%28package%3Aflutter_tools%2Fsrc%2Fbase%2Fcontext.dart%3A154%3A19%29%0A%3Casynchronous+suspension%3E%0A%239++++++CommandRunner.runCommand+%28package%3Aargs%2Fcommand_runner.dart%3A212%3A13%29%0A%3Casynchronous+suspension%3E%0A%2310+++++FlutterCommandRunner.runCommand.%3Canonymous+closure%3E+%28package%3Aflutter_tools%2Fsrc%2Frunner%2Fflutter_command_runner.dart%3A487%3A9%29%0A%3Casynchronous+suspension%3E%0A%2311+++++AppContext.run.%3Canonymous+closure%3E+%28package%3Aflutter_tools%2Fsrc%2Fbase%2Fcontext.dart%3A154%3A19%29%0A%3Casynchronous+suspension%3E%0A%2312+++++FlutterCommandRunner.runCommand+%28package%3Aflutter_tools%2Fsrc%2Frunner%2Fflutter_command_runner.dart%3A422%3A5%29%0A%3Casynchronous+suspension%3E%0A%2313+++++run.%3Canonymous+closure%3E.%3Canonymous+closure%3E+%28package%3Aflutter_tools%2Frunner.dart%3A104%3A11%29%0A%3Casynchronous+suspension%3E%0A%60%60%60%0A%60%60%60console%0A%5B%E2%9C%93%5D+Flutter+%28Channel+stable%2C+3.38.7%2C+on+macOS+26.2+25C56+darwin-arm64%2C+locale+sk-SK%29+%5B321ms%5D%0A++++%E2%80%A2+Flutter+version+3.38.7+on+channel+stable+at+%2FUsers%2Fyouh4ck3dme%2Fflutter%0A++++%E2%80%A2+Upstream+repository+https%3A%2F%2Fgithub.com%2Fflutter%2Fflutter.git%0A++++%E2%80%A2+Framework+revision+3b62efc2a3+%282+weeks+ago%29%2C+2026-01-13+13%3A47%3A42+-0800%0A++++%E2%80%A2+Engine+revision+78fc3012e4%0A++++%E2%80%A2+Dart+version+3.10.7%0A++++%E2%80%A2+DevTools+version+2.51.1%0A++++%E2%80%A2+Feature+flags%3A+enable-web%2C+enable-linux-desktop%2C+enable-macos-desktop%2C+enable-windows-desktop%2C+enable-android%2C+enable-ios%2C+cli-animations%2C+enable-native-assets%2C+omit-legacy-version-file%2C+enable-lldb-debugging%0A%0A%5B%E2%9C%93%5D+Android+toolchain+-+develop+for+Android+devices+%28Android+SDK+version+36.1.0%29+%5B2%2C7s%5D%0A++++%E2%80%A2+Android+SDK+at+%2FUsers%2Fyouh4ck3dme%2FLibrary%2FAndroid%2Fsdk%0A++++%E2%80%A2+Emulator+version+36.3.10.0+%28build_id+14472402%29+%28CL%3AN%2FA%29%0A++++%E2%80%A2+Platform+android-36%2C+build-tools+36.1.0%0A++++%E2%80%A2+ANDROID_HOME+%3D+%2FUsers%2Fyouh4ck3dme%2FLibrary%2FAndroid%2Fsdk%0A++++%E2%80%A2+Java+binary+at%3A+%2FApplications%2FAndroid+Studio.app%2FContents%2Fjbr%2FContents%2FHome%2Fbin%2Fjava%0A++++++This+is+the+JDK+bundled+with+the+latest+Android+Studio+installation+on+this+machine.%0A++++++To+manually+set+the+JDK+path%2C+use%3A+%60flutter+config+--jdk-dir%3D%22path%2Fto%2Fjdk%22%60.%0A++++%E2%80%A2+Java+version+OpenJDK+Runtime+Environment+%28build+21.0.8%2B-14196175-b1038.72%29%0A++++%E2%80%A2+All+Android+licenses+accepted.%0A%0A%5B%21%5D+Xcode+-+develop+for+iOS+and+macOS+%28Xcode+26.2%29+%5B1%C2%A0693ms%5D%0A++++%E2%80%A2+Xcode+at+%2FApplications%2FXcode.app%2FContents%2FDeveloper%0A++++%E2%80%A2+Build+17C52%0A++++%E2%9C%97+Unable+to+get+list+of+installed+Simulator+runtimes.%0A++++%E2%80%A2+CocoaPods+version+1.16.2%0A%0A%5B%E2%9C%93%5D+Chrome+-+develop+for+the+web+%5B3ms%5D%0A++++%E2%80%A2+Chrome+at+%2FApplications%2FGoogle+Chrome.app%2FContents%2FMacOS%2FGoogle+Chrome%0A%0A%5B%E2%9C%93%5D+Connected+device+%282+available%29+%5B6%2C8s%5D%0A++++%E2%80%A2+macOS+%28desktop%29+%E2%80%A2+macos++%E2%80%A2+darwin-arm64+++%E2%80%A2+macOS+26.2+25C56+darwin-arm64%0A++++%E2%80%A2+Chrome+%28web%29++++%E2%80%A2+chrome+%E2%80%A2+web-javascript+%E2%80%A2+Google+Chrome+144.0.7559.110%0A++++%21+Error%3A+Browsing+on+the+local+area+network+for+%23youh4ck3dme.+Ensure+the+device+is+unlocked+and+attached+with+a+cable+or+associated+with+the+same+local+area+network+as+this+Mac.%0A++++++The+device+must+be+opted+into+Developer+Mode+to+connect+wirelessly.+%28code+-27%29%0A%0A%5B%E2%9C%93%5D+Network+resources+%5B447ms%5D%0A++++%E2%80%A2+All+expected+network+resources+are+available.%0A%0A%21+Doctor+found+issues+in+1+category.%0A%0A%60%60%60%0A%0A%23%23+Flutter+Application+Metadata%0A%2A%2AType%2A%2A%3A+app%0A%2A%2AVersion%2A%2A%3A+1.0.1%2B2%0A%2A%2AMaterial%2A%2A%3A+true%0A%2A%2AAndroid+X%2A%2A%3A+false%0A%2A%2AModule%2A%2A%3A+false%0A%2A%2APlugin%2A%2A%3A+false%0A%2A%2AAndroid+package%2A%2A%3A+null%0A%2A%2AiOS+bundle+identifier%2A%2A%3A+null%0A%2A%2ACreation+channel%2A%2A%3A+stable%0A%2A%2ACreation+framework+version%2A%2A%3A+3b62efc2a3da49882f43c372e0bc53daef7295a6%0A%23%23%23+Plugins%0Acamera_avfoundation-0.9.22%2B8%0Acloud_firestore-5.6.12%0Aconnectivity_plus-6.1.5%0Adesktop_webview_auth-0.0.16%0Afile_picker-10.3.8%0Afirebase_analytics-11.6.0%0Afirebase_app_check-0.3.2%2B10%0Afirebase_auth-5.7.0%0Afirebase_core-3.15.2%0Afirebase_crashlytics-4.3.10%0Afirebase_dynamic_links-6.1.10%0Afirebase_performance-0.10.1%2B10%0Afirebase_remote_config-5.5.0%0Afirebase_storage-12.4.10%0Aflutter_local_notifications-18.0.1%0Aflutter_secure_storage-9.2.4%0Agoogle_mlkit_commons-0.11.0%0Agoogle_mlkit_text_recognition-0.15.0%0Agoogle_sign_in_ios-5.9.0%0Aimage_picker_ios-0.8.13%2B3%0Ain_app_purchase_storekit-0.4.7%0Ain_app_review-2.0.11%0Aintegration_test%0Alocal_auth_darwin-1.6.1%0Apath_provider_foundation-2.6.0%0Apermission_handler_apple-9.4.7%0Aprinting-5.14.2%0Asensors_plus-6.1.2%0Ashare_plus-12.0.1%0Ashared_preferences_foundation-2.5.6%0Aspeech_to_text-7.3.0%0Aurl_launcher_ios-6.3.6%0Acamera_android_camerax-0.6.27%0Aflutter_plugin_android_lifecycle-2.0.33%0Agoogle_sign_in_android-6.2.1%0Aimage_picker_android-0.8.13%2B10%0Ain_app_purchase_android-0.4.0%2B8%0Alocal_auth_android-1.0.56%0Apath_provider_android-2.2.22%0Apermission_handler_android-13.0.1%0Ashared_preferences_android-2.4.18%0Aurl_launcher_android-6.3.28%0Afile_selector_macos-0.9.5%0Aflutter_secure_storage_macos-3.1.3%0Aimage_picker_macos-0.2.2%2B1%0Aurl_launcher_macos-3.2.5%0Afile_selector_linux-0.9.4%0Aflutter_local_notifications_linux-5.0.0%0Aflutter_secure_storage_linux-1.2.3%0Aimage_picker_linux-0.2.2%0Apath_provider_linux-2.2.1%0Ashared_preferences_linux-2.4.1%0Aurl_launcher_linux-3.2.2%0Afile_selector_windows-0.9.3%2B5%0Aflutter_secure_storage_windows-3.1.2%0Aimage_picker_windows-0.2.2%0Alocal_auth_windows-1.0.11%0Apath_provider_windows-2.3.0%0Apermission_handler_windows-0.2.1%0Ashared_preferences_windows-2.4.1%0Aspeech_to_text_windows-1.0.0%2Bbeta.8%0Aurl_launcher_windows-3.1.5%0Acamera_web-0.3.5%2B3%0Acloud_firestore_web-4.4.12%0Afirebase_analytics_web-0.5.10%2B16%0Afirebase_app_check_web-0.2.0%2B14%0Afirebase_auth_web-5.15.3%0Afirebase_core_web-2.24.1%0Afirebase_performance_web-0.1.7%2B16%0Afirebase_remote_config_web-1.8.9%0Afirebase_storage_web-3.10.17%0Aflutter_secure_storage_web-1.2.1%0Agoogle_sign_in_web-0.12.4%2B4%0Aimage_picker_for_web-3.1.1%0Apermission_handler_html-0.1.3%2B5%0Ashared_preferences_web-2.4.3%0Aurl_launcher_web-2.4.2%0A%0A&labels=tool%2Csevere%3A+crash

